Archive member included to satisfy reference by file (symbol)

/opt/tools/riscv/lib/gcc/riscv32-unknown-elf/8.3.0/libgcc.a(_divdi3.o)
                              firmware/multest.o (__divdi3)
/opt/tools/riscv/lib/gcc/riscv32-unknown-elf/8.3.0/libgcc.a(_moddi3.o)
                              firmware/multest.o (__moddi3)
/opt/tools/riscv/lib/gcc/riscv32-unknown-elf/8.3.0/libgcc.a(_udivdi3.o)
                              firmware/multest.o (__udivdi3)
/opt/tools/riscv/lib/gcc/riscv32-unknown-elf/8.3.0/libgcc.a(_umoddi3.o)
                              firmware/multest.o (__umoddi3)
/opt/tools/riscv/lib/gcc/riscv32-unknown-elf/8.3.0/libgcc.a(muldi3.o)
                              firmware/multest.o (__mulsi3)
/opt/tools/riscv/lib/gcc/riscv32-unknown-elf/8.3.0/libgcc.a(multi3.o)
                              firmware/multest.o (__muldi3)
/opt/tools/riscv/lib/gcc/riscv32-unknown-elf/8.3.0/libgcc.a(div.o)
                              /opt/tools/riscv/lib/gcc/riscv32-unknown-elf/8.3.0/libgcc.a(_divdi3.o) (__divsi3)
/opt/tools/riscv/lib/gcc/riscv32-unknown-elf/8.3.0/libgcc.a(_clz.o)
                              /opt/tools/riscv/lib/gcc/riscv32-unknown-elf/8.3.0/libgcc.a(_divdi3.o) (__clz_tab)

Discarded input sections

 .debug_info    0x0000000000000000     0x1373 /opt/tools/riscv/lib/gcc/riscv32-unknown-elf/8.3.0/libgcc.a(_divdi3.o)
 .debug_abbrev  0x0000000000000000      0x2f8 /opt/tools/riscv/lib/gcc/riscv32-unknown-elf/8.3.0/libgcc.a(_divdi3.o)
 .debug_loc     0x0000000000000000      0x97b /opt/tools/riscv/lib/gcc/riscv32-unknown-elf/8.3.0/libgcc.a(_divdi3.o)
 .debug_aranges
                0x0000000000000000       0x20 /opt/tools/riscv/lib/gcc/riscv32-unknown-elf/8.3.0/libgcc.a(_divdi3.o)
 .debug_ranges  0x0000000000000000       0xf8 /opt/tools/riscv/lib/gcc/riscv32-unknown-elf/8.3.0/libgcc.a(_divdi3.o)
 .debug_line    0x0000000000000000      0x9c7 /opt/tools/riscv/lib/gcc/riscv32-unknown-elf/8.3.0/libgcc.a(_divdi3.o)
 .debug_str     0x0000000000000000      0x86a /opt/tools/riscv/lib/gcc/riscv32-unknown-elf/8.3.0/libgcc.a(_divdi3.o)
 .debug_info    0x0000000000000000     0x13ae /opt/tools/riscv/lib/gcc/riscv32-unknown-elf/8.3.0/libgcc.a(_moddi3.o)
 .debug_abbrev  0x0000000000000000      0x2ef /opt/tools/riscv/lib/gcc/riscv32-unknown-elf/8.3.0/libgcc.a(_moddi3.o)
 .debug_loc     0x0000000000000000      0x8f8 /opt/tools/riscv/lib/gcc/riscv32-unknown-elf/8.3.0/libgcc.a(_moddi3.o)
 .debug_aranges
                0x0000000000000000       0x20 /opt/tools/riscv/lib/gcc/riscv32-unknown-elf/8.3.0/libgcc.a(_moddi3.o)
 .debug_ranges  0x0000000000000000       0xe0 /opt/tools/riscv/lib/gcc/riscv32-unknown-elf/8.3.0/libgcc.a(_moddi3.o)
 .debug_line    0x0000000000000000      0x9e5 /opt/tools/riscv/lib/gcc/riscv32-unknown-elf/8.3.0/libgcc.a(_moddi3.o)
 .debug_str     0x0000000000000000      0x86a /opt/tools/riscv/lib/gcc/riscv32-unknown-elf/8.3.0/libgcc.a(_moddi3.o)
 .debug_info    0x0000000000000000     0x133d /opt/tools/riscv/lib/gcc/riscv32-unknown-elf/8.3.0/libgcc.a(_udivdi3.o)
 .debug_abbrev  0x0000000000000000      0x2e0 /opt/tools/riscv/lib/gcc/riscv32-unknown-elf/8.3.0/libgcc.a(_udivdi3.o)
 .debug_loc     0x0000000000000000      0xba9 /opt/tools/riscv/lib/gcc/riscv32-unknown-elf/8.3.0/libgcc.a(_udivdi3.o)
 .debug_aranges
                0x0000000000000000       0x20 /opt/tools/riscv/lib/gcc/riscv32-unknown-elf/8.3.0/libgcc.a(_udivdi3.o)
 .debug_ranges  0x0000000000000000      0x110 /opt/tools/riscv/lib/gcc/riscv32-unknown-elf/8.3.0/libgcc.a(_udivdi3.o)
 .debug_line    0x0000000000000000      0x900 /opt/tools/riscv/lib/gcc/riscv32-unknown-elf/8.3.0/libgcc.a(_udivdi3.o)
 .debug_str     0x0000000000000000      0x86b /opt/tools/riscv/lib/gcc/riscv32-unknown-elf/8.3.0/libgcc.a(_udivdi3.o)
 .debug_info    0x0000000000000000     0x1387 /opt/tools/riscv/lib/gcc/riscv32-unknown-elf/8.3.0/libgcc.a(_umoddi3.o)
 .debug_abbrev  0x0000000000000000      0x2e8 /opt/tools/riscv/lib/gcc/riscv32-unknown-elf/8.3.0/libgcc.a(_umoddi3.o)
 .debug_loc     0x0000000000000000      0x905 /opt/tools/riscv/lib/gcc/riscv32-unknown-elf/8.3.0/libgcc.a(_umoddi3.o)
 .debug_aranges
                0x0000000000000000       0x20 /opt/tools/riscv/lib/gcc/riscv32-unknown-elf/8.3.0/libgcc.a(_umoddi3.o)
 .debug_ranges  0x0000000000000000       0xe8 /opt/tools/riscv/lib/gcc/riscv32-unknown-elf/8.3.0/libgcc.a(_umoddi3.o)
 .debug_line    0x0000000000000000      0x92e /opt/tools/riscv/lib/gcc/riscv32-unknown-elf/8.3.0/libgcc.a(_umoddi3.o)
 .debug_str     0x0000000000000000      0x86b /opt/tools/riscv/lib/gcc/riscv32-unknown-elf/8.3.0/libgcc.a(_umoddi3.o)
 .debug_line    0x0000000000000000       0x92 /opt/tools/riscv/lib/gcc/riscv32-unknown-elf/8.3.0/libgcc.a(muldi3.o)
 .debug_info    0x0000000000000000       0x26 /opt/tools/riscv/lib/gcc/riscv32-unknown-elf/8.3.0/libgcc.a(muldi3.o)
 .debug_abbrev  0x0000000000000000       0x14 /opt/tools/riscv/lib/gcc/riscv32-unknown-elf/8.3.0/libgcc.a(muldi3.o)
 .debug_aranges
                0x0000000000000000       0x20 /opt/tools/riscv/lib/gcc/riscv32-unknown-elf/8.3.0/libgcc.a(muldi3.o)
 .debug_str     0x0000000000000000       0x9c /opt/tools/riscv/lib/gcc/riscv32-unknown-elf/8.3.0/libgcc.a(muldi3.o)
 .debug_info    0x0000000000000000      0xd15 /opt/tools/riscv/lib/gcc/riscv32-unknown-elf/8.3.0/libgcc.a(multi3.o)
 .debug_abbrev  0x0000000000000000      0x26f /opt/tools/riscv/lib/gcc/riscv32-unknown-elf/8.3.0/libgcc.a(multi3.o)
 .debug_loc     0x0000000000000000      0x176 /opt/tools/riscv/lib/gcc/riscv32-unknown-elf/8.3.0/libgcc.a(multi3.o)
 .debug_aranges
                0x0000000000000000       0x20 /opt/tools/riscv/lib/gcc/riscv32-unknown-elf/8.3.0/libgcc.a(multi3.o)
 .debug_line    0x0000000000000000      0x401 /opt/tools/riscv/lib/gcc/riscv32-unknown-elf/8.3.0/libgcc.a(multi3.o)
 .debug_str     0x0000000000000000      0x83e /opt/tools/riscv/lib/gcc/riscv32-unknown-elf/8.3.0/libgcc.a(multi3.o)
 .debug_frame   0x0000000000000000       0x2c /opt/tools/riscv/lib/gcc/riscv32-unknown-elf/8.3.0/libgcc.a(multi3.o)
 .debug_line    0x0000000000000000      0x168 /opt/tools/riscv/lib/gcc/riscv32-unknown-elf/8.3.0/libgcc.a(div.o)
 .debug_info    0x0000000000000000       0x26 /opt/tools/riscv/lib/gcc/riscv32-unknown-elf/8.3.0/libgcc.a(div.o)
 .debug_abbrev  0x0000000000000000       0x14 /opt/tools/riscv/lib/gcc/riscv32-unknown-elf/8.3.0/libgcc.a(div.o)
 .debug_aranges
                0x0000000000000000       0x20 /opt/tools/riscv/lib/gcc/riscv32-unknown-elf/8.3.0/libgcc.a(div.o)
 .debug_str     0x0000000000000000       0x99 /opt/tools/riscv/lib/gcc/riscv32-unknown-elf/8.3.0/libgcc.a(div.o)
 .debug_info    0x0000000000000000      0xb6a /opt/tools/riscv/lib/gcc/riscv32-unknown-elf/8.3.0/libgcc.a(_clz.o)
 .debug_abbrev  0x0000000000000000      0x1e8 /opt/tools/riscv/lib/gcc/riscv32-unknown-elf/8.3.0/libgcc.a(_clz.o)
 .debug_aranges
                0x0000000000000000       0x18 /opt/tools/riscv/lib/gcc/riscv32-unknown-elf/8.3.0/libgcc.a(_clz.o)
 .debug_line    0x0000000000000000      0x1ee /opt/tools/riscv/lib/gcc/riscv32-unknown-elf/8.3.0/libgcc.a(_clz.o)
 .debug_str     0x0000000000000000      0x7a6 /opt/tools/riscv/lib/gcc/riscv32-unknown-elf/8.3.0/libgcc.a(_clz.o)

Memory Configuration

Name             Origin             Length             Attributes
mem              0x0000000000000000 0x0000000000018000
*default*        0x0000000000000000 0xffffffffffffffff

Linker script and memory map


.memory         0x0000000000000000     0xd804
                0x0000000000000000                . = 0x0
 start*(.text)
 *(.text)
 .text          0x0000000000000000      0x4dc firmware/start.o
                0x0000000000000458                srli_ret
                0x0000000000000458                bgeu_ret
                0x0000000000000458                lbu_ret
                0x0000000000000458                andi_ret
                0x0000000000000458                div_ret
                0x0000000000000458                ori_ret
                0x0000000000000458                mulhsu_ret
                0x0000000000000458                blt_ret
                0x0000000000000458                lb_ret
                0x0000000000000458                xor_ret
                0x0000000000000458                slt_ret
                0x0000000000000458                lw_ret
                0x0000000000000458                jalr_ret
                0x0000000000000458                add_ret
                0x0000000000000458                xori_ret
                0x0000000000000458                srai_ret
                0x0000000000000458                rem_ret
                0x0000000000000458                simple_ret
                0x0000000000000458                mul_ret
                0x0000000000000458                slti_ret
                0x0000000000000458                slli_ret
                0x0000000000000458                lhu_ret
                0x0000000000000458                lui_ret
                0x0000000000000458                or_ret
                0x0000000000000458                sw_ret
                0x0000000000000458                sra_ret
                0x0000000000000458                beq_ret
                0x0000000000000458                remu_ret
                0x0000000000000458                mulh_ret
                0x0000000000000458                and_ret
                0x0000000000000458                mulhu_ret
                0x0000000000000458                bge_ret
                0x0000000000000458                sub_ret
                0x0000000000000458                auipc_ret
                0x0000000000000458                sh_ret
                0x0000000000000458                sll_ret
                0x0000000000000458                jal_ret
                0x0000000000000458                j_ret
                0x0000000000000458                lh_ret
                0x0000000000000458                bne_ret
                0x0000000000000458                sb_ret
                0x0000000000000458                divu_ret
                0x0000000000000458                bltu_ret
                0x0000000000000458                srl_ret
                0x0000000000000458                addi_ret
                0x000000000000049e                hard_mul
                0x00000000000004a4                hard_mulh
                0x00000000000004aa                hard_mulhsu
                0x00000000000004b0                hard_mulhu
                0x00000000000004b6                hard_div
                0x00000000000004bc                hard_divu
                0x00000000000004c2                hard_rem
                0x00000000000004c8                hard_remu
 .text          0x00000000000004dc      0x29a firmware/irq.o
                0x00000000000004dc                irq
 .text          0x0000000000000776       0x90 firmware/print.o
                0x0000000000000776                print_chr
                0x000000000000077e                print_str
                0x0000000000000790                print_dec
                0x00000000000007e0                print_hex
 .text          0x0000000000000806      0xb24 firmware/hello.o
                0x0000000000000898                get_num_cycles
                0x000000000000089e                get_num_instr
                0x00000000000008a4                send_stat
                0x00000000000008b6                WriteMessage
                0x00000000000008e2                StartAndWait
                0x0000000000000920                GetOutput
                0x0000000000000922                sha_256
                0x0000000000000cf8                sha_256_print
                0x0000000000001176                hello
 .text          0x000000000000132a      0x198 firmware/sieve.o
                0x00000000000013d0                sieve
 .text          0x00000000000014c2      0x330 firmware/multest.o
                0x00000000000014e0                multest
 .text          0x00000000000017f2       0xc8 firmware/stats.o
                0x000000000000187c                stats
 *fill*         0x00000000000018ba        0x2 
 .text          0x00000000000018bc      0x540 tests/xor.o
                0x00000000000018bc                xor
 .text          0x0000000000001dfc      0x544 tests/or.o
                0x0000000000001dfc                or
 .text          0x0000000000002340      0x4f8 tests/sh.o
                0x0000000000002340                sh
 .text          0x0000000000002838      0x540 tests/sub.o
                0x0000000000002838                sub
 .text          0x0000000000002d78      0x2cc tests/lb.o
                0x0000000000002d78                lb
 .text          0x0000000000003044      0x61c tests/sra.o
                0x0000000000003044                sra
 .text          0x0000000000003660      0x340 tests/blt.o
                0x0000000000003660                blt
 .text          0x00000000000039a0      0x33c tests/srai.o
                0x00000000000039a0                srai
 .text          0x0000000000003cdc      0x340 tests/beq.o
                0x0000000000003cdc                beq
 .text          0x000000000000401c      0x30c tests/addi.o
                0x000000000000401c                addi
 .text          0x0000000000004328      0x548 tests/mul.o
                0x0000000000004328                mul
 .text          0x0000000000004870      0x164 tests/divu.o
                0x0000000000004870                divu
 .text          0x00000000000049d4      0x30c tests/lw.o
                0x00000000000049d4                lw
 .text          0x0000000000004ce0      0x15c tests/div.o
                0x0000000000004ce0                div
 *fill*         0x0000000000004e3c        0x4 
 .text          0x0000000000004e40       0xcc tests/auipc.o
                0x0000000000004e40                auipc
 .text          0x0000000000004f0c      0x3d8 tests/bgeu.o
                0x0000000000004f0c                bgeu
 .text          0x00000000000052e4      0x184 tests/jalr.o
                0x00000000000052e4                jalr
 .text          0x0000000000005468      0x504 tests/sw.o
                0x0000000000005468                sw
 .text          0x000000000000596c      0x268 tests/xori.o
                0x000000000000596c                xori
 .text          0x0000000000005bd4      0x5ec tests/sll.o
                0x0000000000005bd4                sll
 .text          0x00000000000061c0      0x54c tests/mulhu.o
                0x00000000000061c0                mulhu
 .text          0x000000000000670c      0x2f8 tests/slti.o
                0x000000000000670c                slti
 .text          0x0000000000006a04      0x548 tests/slt.o
                0x0000000000006a04                slt
 .text          0x0000000000006f4c      0x2cc tests/lbu.o
                0x0000000000006f4c                lbu
 .text          0x0000000000007218      0x300 tests/lhu.o
                0x0000000000007218                lhu
 .text          0x0000000000007518       0xe0 tests/lui.o
                0x0000000000007518                lui
 .text          0x00000000000075f8      0x378 tests/bltu.o
                0x00000000000075f8                bltu
 .text          0x0000000000007970      0x160 tests/remu.o
                0x0000000000007970                remu
 .text          0x0000000000007ad0       0x54 tests/simple.o
                0x0000000000007ad0                simple
 .text          0x0000000000007b24      0x308 tests/slli.o
                0x0000000000007b24                slli
 .text          0x0000000000007e2c      0x244 tests/andi.o
                0x0000000000007e2c                andi
 .text          0x0000000000008070      0x25c tests/ori.o
                0x0000000000008070                ori
 .text          0x00000000000082cc      0x2ec tests/lh.o
                0x00000000000082cc                lh
 .text          0x00000000000085b8      0x63c tests/srl.o
                0x00000000000085b8                srl
 .text          0x0000000000008bf4       0xd8 tests/jal.o
                0x0000000000008bf4                jal
 .text          0x0000000000008ccc      0x560 tests/add.o
                0x0000000000008ccc                add
 .text          0x000000000000922c      0x538 tests/and.o
                0x000000000000922c                and
 .text          0x0000000000009764      0x338 tests/srli.o
                0x0000000000009764                srli
 .text          0x0000000000009a9c       0xbc tests/j.o
                0x0000000000009a9c                j
 .text          0x0000000000009b58      0x344 tests/bne.o
                0x0000000000009b58                bne
 .text          0x0000000000009e9c      0x474 tests/sb.o
                0x0000000000009e9c                sb
 .text          0x000000000000a310      0x3a0 tests/bge.o
                0x000000000000a310                bge
 .text          0x000000000000a6b0      0x15c tests/rem.o
                0x000000000000a6b0                rem
 .text          0x000000000000a80c      0x54c tests/mulh.o
                0x000000000000a80c                mulh
 .text          0x000000000000ad58      0x54c tests/mulhsu.o
                0x000000000000ad58                mulhsu
 .text          0x000000000000b2a4      0x624 /opt/tools/riscv/lib/gcc/riscv32-unknown-elf/8.3.0/libgcc.a(_divdi3.o)
                0x000000000000b2a4                __divdi3
 .text          0x000000000000b8c8      0x548 /opt/tools/riscv/lib/gcc/riscv32-unknown-elf/8.3.0/libgcc.a(_moddi3.o)
                0x000000000000b8c8                __moddi3
 .text          0x000000000000be10      0x5d4 /opt/tools/riscv/lib/gcc/riscv32-unknown-elf/8.3.0/libgcc.a(_udivdi3.o)
                0x000000000000be10                __udivdi3
 .text          0x000000000000c3e4      0x4f0 /opt/tools/riscv/lib/gcc/riscv32-unknown-elf/8.3.0/libgcc.a(_umoddi3.o)
                0x000000000000c3e4                __umoddi3
 .text          0x000000000000c8d4       0x24 /opt/tools/riscv/lib/gcc/riscv32-unknown-elf/8.3.0/libgcc.a(muldi3.o)
                0x000000000000c8d4                __mulsi3
 .text          0x000000000000c8f8       0x90 /opt/tools/riscv/lib/gcc/riscv32-unknown-elf/8.3.0/libgcc.a(multi3.o)
                0x000000000000c8f8                __muldi3
 .text          0x000000000000c988       0xb4 /opt/tools/riscv/lib/gcc/riscv32-unknown-elf/8.3.0/libgcc.a(div.o)
                0x000000000000c988                __divsi3
                0x000000000000c990                __udivsi3
                0x000000000000c9d8                __umodsi3
                0x000000000000ca0c                __modsi3
 .text          0x000000000000ca3c        0x0 /opt/tools/riscv/lib/gcc/riscv32-unknown-elf/8.3.0/libgcc.a(_clz.o)
 *(*)
 .data          0x000000000000ca3c        0x0 firmware/start.o
 .bss           0x000000000000ca3c        0x0 firmware/start.o
 .riscv.attributes
                0x000000000000ca3c       0x24 firmware/start.o
 .data          0x000000000000ca60        0x0 firmware/irq.o
 .bss           0x000000000000ca60        0x0 firmware/irq.o
 .rodata.str1.4
                0x000000000000ca60      0x167 firmware/irq.o
                                        0x16b (size before relaxing)
 *fill*         0x000000000000cbc7        0x1 
 .sbss          0x000000000000cbc8        0xc firmware/irq.o
 .comment       0x000000000000cbd4       0x11 firmware/irq.o
                                         0x12 (size before relaxing)
 .riscv.attributes
                0x000000000000cbe5       0x21 firmware/irq.o
 .data          0x000000000000cc06        0x0 firmware/print.o
 .bss           0x000000000000cc06        0x0 firmware/print.o
 *fill*         0x000000000000cc06        0x2 
 .rodata.str1.4
                0x000000000000cc08       0x11 firmware/print.o
 .comment       0x000000000000cc19       0x12 firmware/print.o
 .riscv.attributes
                0x000000000000cc19       0x21 firmware/print.o
 .data          0x000000000000cc3a        0x0 firmware/hello.o
 .bss           0x000000000000cc3a        0x0 firmware/hello.o
 *fill*         0x000000000000cc3a        0x2 
 .rodata.str1.4
                0x000000000000cc3c       0xe3 firmware/hello.o
                                         0xeb (size before relaxing)
 .comment       0x000000000000cd1f       0x12 firmware/hello.o
 .riscv.attributes
                0x000000000000cd1f       0x21 firmware/hello.o
 .data          0x000000000000cd40        0x0 firmware/sieve.o
 .bss           0x000000000000cd40        0x0 firmware/sieve.o
 .rodata.str1.4
                0x000000000000cd40       0x3c firmware/sieve.o
                                         0x40 (size before relaxing)
 .sbss          0x000000000000cd7c        0xc firmware/sieve.o
 .comment       0x000000000000cd88       0x12 firmware/sieve.o
 .riscv.attributes
                0x000000000000cd88       0x21 firmware/sieve.o
 .data          0x000000000000cda9        0x0 firmware/multest.o
 .bss           0x000000000000cda9        0x0 firmware/multest.o
 *fill*         0x000000000000cda9        0x3 
 .rodata.str1.4
                0x000000000000cdac       0x50 firmware/multest.o
                                         0x58 (size before relaxing)
 .sdata         0x000000000000cdfc        0x4 firmware/multest.o
 .comment       0x000000000000ce00       0x12 firmware/multest.o
 .riscv.attributes
                0x000000000000ce00       0x21 firmware/multest.o
 .data          0x000000000000ce21        0x0 firmware/stats.o
 .bss           0x000000000000ce21        0x0 firmware/stats.o
 *fill*         0x000000000000ce21        0x3 
 .rodata.str1.4
                0x000000000000ce24       0x40 firmware/stats.o
                                         0x42 (size before relaxing)
 .comment       0x000000000000ce64       0x12 firmware/stats.o
 .riscv.attributes
                0x000000000000ce64       0x21 firmware/stats.o
 *fill*         0x000000000000ce85        0x3 
 .data          0x000000000000ce88        0x0 tests/xor.o
 .bss           0x000000000000ce88        0x0 tests/xor.o
 .riscv.attributes
                0x000000000000ce88       0x1f tests/xor.o
 *fill*         0x000000000000cea7        0x1 
 .data          0x000000000000cea8        0x0 tests/or.o
 .bss           0x000000000000cea8        0x0 tests/or.o
 .riscv.attributes
                0x000000000000cea8       0x1f tests/or.o
 *fill*         0x000000000000cec7        0x1 
 .data          0x000000000000cec8       0x14 tests/sh.o
 .bss           0x000000000000cedc        0x0 tests/sh.o
 .riscv.attributes
                0x000000000000cedc       0x1f tests/sh.o
 *fill*         0x000000000000cefb        0x1 
 .data          0x000000000000cefc        0x0 tests/sub.o
 .bss           0x000000000000cefc        0x0 tests/sub.o
 .riscv.attributes
                0x000000000000cefc       0x1f tests/sub.o
 *fill*         0x000000000000cf1b        0x1 
 .data          0x000000000000cf1c        0x4 tests/lb.o
 .bss           0x000000000000cf20        0x0 tests/lb.o
 .riscv.attributes
                0x000000000000cf20       0x1f tests/lb.o
 *fill*         0x000000000000cf3f        0x1 
 .data          0x000000000000cf40        0x0 tests/sra.o
 .bss           0x000000000000cf40        0x0 tests/sra.o
 .riscv.attributes
                0x000000000000cf40       0x1f tests/sra.o
 *fill*         0x000000000000cf5f        0x1 
 .data          0x000000000000cf60        0x0 tests/blt.o
 .bss           0x000000000000cf60        0x0 tests/blt.o
 .riscv.attributes
                0x000000000000cf60       0x1f tests/blt.o
 *fill*         0x000000000000cf7f        0x1 
 .data          0x000000000000cf80        0x0 tests/srai.o
 .bss           0x000000000000cf80        0x0 tests/srai.o
 .riscv.attributes
                0x000000000000cf80       0x1f tests/srai.o
 *fill*         0x000000000000cf9f        0x1 
 .data          0x000000000000cfa0        0x0 tests/beq.o
 .bss           0x000000000000cfa0        0x0 tests/beq.o
 .riscv.attributes
                0x000000000000cfa0       0x1f tests/beq.o
 *fill*         0x000000000000cfbf        0x1 
 .data          0x000000000000cfc0        0x0 tests/addi.o
 .bss           0x000000000000cfc0        0x0 tests/addi.o
 .riscv.attributes
                0x000000000000cfc0       0x1f tests/addi.o
 *fill*         0x000000000000cfdf        0x1 
 .data          0x000000000000cfe0        0x0 tests/mul.o
 .bss           0x000000000000cfe0        0x0 tests/mul.o
 .riscv.attributes
                0x000000000000cfe0       0x1f tests/mul.o
 *fill*         0x000000000000cfff        0x1 
 .data          0x000000000000d000        0x0 tests/divu.o
 .bss           0x000000000000d000        0x0 tests/divu.o
 .riscv.attributes
                0x000000000000d000       0x1f tests/divu.o
 *fill*         0x000000000000d01f        0x1 
 .data          0x000000000000d020       0x10 tests/lw.o
 .bss           0x000000000000d030        0x0 tests/lw.o
 .riscv.attributes
                0x000000000000d030       0x1f tests/lw.o
 *fill*         0x000000000000d04f        0x1 
 .data          0x000000000000d050        0x0 tests/div.o
 .bss           0x000000000000d050        0x0 tests/div.o
 .riscv.attributes
                0x000000000000d050       0x1f tests/div.o
 *fill*         0x000000000000d06f        0x1 
 .data          0x000000000000d070        0x0 tests/auipc.o
 .bss           0x000000000000d070        0x0 tests/auipc.o
 .riscv.attributes
                0x000000000000d070       0x1f tests/auipc.o
 *fill*         0x000000000000d08f        0x1 
 .data          0x000000000000d090        0x0 tests/bgeu.o
 .bss           0x000000000000d090        0x0 tests/bgeu.o
 .riscv.attributes
                0x000000000000d090       0x1f tests/bgeu.o
 *fill*         0x000000000000d0af        0x1 
 .data          0x000000000000d0b0        0x0 tests/jalr.o
 .bss           0x000000000000d0b0        0x0 tests/jalr.o
 .riscv.attributes
                0x000000000000d0b0       0x1f tests/jalr.o
 *fill*         0x000000000000d0cf        0x1 
 .data          0x000000000000d0d0       0x28 tests/sw.o
 .bss           0x000000000000d0f8        0x0 tests/sw.o
 .riscv.attributes
                0x000000000000d0f8       0x1f tests/sw.o
 *fill*         0x000000000000d117        0x1 
 .data          0x000000000000d118        0x0 tests/xori.o
 .bss           0x000000000000d118        0x0 tests/xori.o
 .riscv.attributes
                0x000000000000d118       0x1f tests/xori.o
 *fill*         0x000000000000d137        0x1 
 .data          0x000000000000d138        0x0 tests/sll.o
 .bss           0x000000000000d138        0x0 tests/sll.o
 .riscv.attributes
                0x000000000000d138       0x1f tests/sll.o
 *fill*         0x000000000000d157        0x1 
 .data          0x000000000000d158        0x0 tests/mulhu.o
 .bss           0x000000000000d158        0x0 tests/mulhu.o
 .riscv.attributes
                0x000000000000d158       0x1f tests/mulhu.o
 *fill*         0x000000000000d177        0x1 
 .data          0x000000000000d178        0x0 tests/slti.o
 .bss           0x000000000000d178        0x0 tests/slti.o
 .riscv.attributes
                0x000000000000d178       0x1f tests/slti.o
 *fill*         0x000000000000d197        0x1 
 .data          0x000000000000d198        0x0 tests/slt.o
 .bss           0x000000000000d198        0x0 tests/slt.o
 .riscv.attributes
                0x000000000000d198       0x1f tests/slt.o
 *fill*         0x000000000000d1b7        0x1 
 .data          0x000000000000d1b8        0x4 tests/lbu.o
 .bss           0x000000000000d1bc        0x0 tests/lbu.o
 .riscv.attributes
                0x000000000000d1bc       0x1f tests/lbu.o
 *fill*         0x000000000000d1db        0x1 
 .data          0x000000000000d1dc        0x8 tests/lhu.o
 .bss           0x000000000000d1e4        0x0 tests/lhu.o
 .riscv.attributes
                0x000000000000d1e4       0x1f tests/lhu.o
 *fill*         0x000000000000d203        0x1 
 .data          0x000000000000d204        0x0 tests/lui.o
 .bss           0x000000000000d204        0x0 tests/lui.o
 .riscv.attributes
                0x000000000000d204       0x1f tests/lui.o
 *fill*         0x000000000000d223        0x1 
 .data          0x000000000000d224        0x0 tests/bltu.o
 .bss           0x000000000000d224        0x0 tests/bltu.o
 .riscv.attributes
                0x000000000000d224       0x1f tests/bltu.o
 *fill*         0x000000000000d243        0x1 
 .data          0x000000000000d244        0x0 tests/remu.o
 .bss           0x000000000000d244        0x0 tests/remu.o
 .riscv.attributes
                0x000000000000d244       0x1f tests/remu.o
 *fill*         0x000000000000d263        0x1 
 .data          0x000000000000d264        0x0 tests/simple.o
 .bss           0x000000000000d264        0x0 tests/simple.o
 .riscv.attributes
                0x000000000000d264       0x1f tests/simple.o
 *fill*         0x000000000000d283        0x1 
 .data          0x000000000000d284        0x0 tests/slli.o
 .bss           0x000000000000d284        0x0 tests/slli.o
 .riscv.attributes
                0x000000000000d284       0x1f tests/slli.o
 *fill*         0x000000000000d2a3        0x1 
 .data          0x000000000000d2a4        0x0 tests/andi.o
 .bss           0x000000000000d2a4        0x0 tests/andi.o
 .riscv.attributes
                0x000000000000d2a4       0x1f tests/andi.o
 *fill*         0x000000000000d2c3        0x1 
 .data          0x000000000000d2c4        0x0 tests/ori.o
 .bss           0x000000000000d2c4        0x0 tests/ori.o
 .riscv.attributes
                0x000000000000d2c4       0x1f tests/ori.o
 *fill*         0x000000000000d2e3        0x1 
 .data          0x000000000000d2e4        0x8 tests/lh.o
 .bss           0x000000000000d2ec        0x0 tests/lh.o
 .riscv.attributes
                0x000000000000d2ec       0x1f tests/lh.o
 *fill*         0x000000000000d30b        0x1 
 .data          0x000000000000d30c        0x0 tests/srl.o
 .bss           0x000000000000d30c        0x0 tests/srl.o
 .riscv.attributes
                0x000000000000d30c       0x1f tests/srl.o
 *fill*         0x000000000000d32b        0x1 
 .data          0x000000000000d32c        0x0 tests/jal.o
 .bss           0x000000000000d32c        0x0 tests/jal.o
 .riscv.attributes
                0x000000000000d32c       0x1f tests/jal.o
 *fill*         0x000000000000d34b        0x1 
 .data          0x000000000000d34c        0x0 tests/add.o
 .bss           0x000000000000d34c        0x0 tests/add.o
 .riscv.attributes
                0x000000000000d34c       0x1f tests/add.o
 *fill*         0x000000000000d36b        0x1 
 .data          0x000000000000d36c        0x0 tests/and.o
 .bss           0x000000000000d36c        0x0 tests/and.o
 .riscv.attributes
                0x000000000000d36c       0x1f tests/and.o
 *fill*         0x000000000000d38b        0x1 
 .data          0x000000000000d38c        0x0 tests/srli.o
 .bss           0x000000000000d38c        0x0 tests/srli.o
 .riscv.attributes
                0x000000000000d38c       0x1f tests/srli.o
 *fill*         0x000000000000d3ab        0x1 
 .data          0x000000000000d3ac        0x0 tests/j.o
 .bss           0x000000000000d3ac        0x0 tests/j.o
 .riscv.attributes
                0x000000000000d3ac       0x1f tests/j.o
 *fill*         0x000000000000d3cb        0x1 
 .data          0x000000000000d3cc        0x0 tests/bne.o
 .bss           0x000000000000d3cc        0x0 tests/bne.o
 .riscv.attributes
                0x000000000000d3cc       0x1f tests/bne.o
 *fill*         0x000000000000d3eb        0x1 
 .data          0x000000000000d3ec        0xa tests/sb.o
 .bss           0x000000000000d3f6        0x0 tests/sb.o
 .riscv.attributes
                0x000000000000d3f6       0x1f tests/sb.o
 *fill*         0x000000000000d415        0x3 
 .data          0x000000000000d418        0x0 tests/bge.o
 .bss           0x000000000000d418        0x0 tests/bge.o
 .riscv.attributes
                0x000000000000d418       0x1f tests/bge.o
 *fill*         0x000000000000d437        0x1 
 .data          0x000000000000d438        0x0 tests/rem.o
 .bss           0x000000000000d438        0x0 tests/rem.o
 .riscv.attributes
                0x000000000000d438       0x1f tests/rem.o
 *fill*         0x000000000000d457        0x1 
 .data          0x000000000000d458        0x0 tests/mulh.o
 .bss           0x000000000000d458        0x0 tests/mulh.o
 .riscv.attributes
                0x000000000000d458       0x1f tests/mulh.o
 *fill*         0x000000000000d477        0x1 
 .data          0x000000000000d478        0x0 tests/mulhsu.o
 .bss           0x000000000000d478        0x0 tests/mulhsu.o
 .riscv.attributes
                0x000000000000d478       0x1f tests/mulhsu.o
 .data          0x000000000000d497        0x0 /opt/tools/riscv/lib/gcc/riscv32-unknown-elf/8.3.0/libgcc.a(_divdi3.o)
 .bss           0x000000000000d497        0x0 /opt/tools/riscv/lib/gcc/riscv32-unknown-elf/8.3.0/libgcc.a(_divdi3.o)
 .comment       0x000000000000d497       0x12 /opt/tools/riscv/lib/gcc/riscv32-unknown-elf/8.3.0/libgcc.a(_divdi3.o)
 *fill*         0x000000000000d497        0x1 
 .eh_frame      0x000000000000d498       0x64 /opt/tools/riscv/lib/gcc/riscv32-unknown-elf/8.3.0/libgcc.a(_divdi3.o)
 .riscv.attributes
                0x000000000000d4fc       0x1c /opt/tools/riscv/lib/gcc/riscv32-unknown-elf/8.3.0/libgcc.a(_divdi3.o)
 .data          0x000000000000d518        0x0 /opt/tools/riscv/lib/gcc/riscv32-unknown-elf/8.3.0/libgcc.a(_moddi3.o)
 .bss           0x000000000000d518        0x0 /opt/tools/riscv/lib/gcc/riscv32-unknown-elf/8.3.0/libgcc.a(_moddi3.o)
 .comment       0x000000000000d518       0x12 /opt/tools/riscv/lib/gcc/riscv32-unknown-elf/8.3.0/libgcc.a(_moddi3.o)
 .eh_frame      0x000000000000d518       0x68 /opt/tools/riscv/lib/gcc/riscv32-unknown-elf/8.3.0/libgcc.a(_moddi3.o)
 .riscv.attributes
                0x000000000000d580       0x1c /opt/tools/riscv/lib/gcc/riscv32-unknown-elf/8.3.0/libgcc.a(_moddi3.o)
 .data          0x000000000000d59c        0x0 /opt/tools/riscv/lib/gcc/riscv32-unknown-elf/8.3.0/libgcc.a(_udivdi3.o)
 .bss           0x000000000000d59c        0x0 /opt/tools/riscv/lib/gcc/riscv32-unknown-elf/8.3.0/libgcc.a(_udivdi3.o)
 .comment       0x000000000000d59c       0x12 /opt/tools/riscv/lib/gcc/riscv32-unknown-elf/8.3.0/libgcc.a(_udivdi3.o)
 .eh_frame      0x000000000000d59c       0x60 /opt/tools/riscv/lib/gcc/riscv32-unknown-elf/8.3.0/libgcc.a(_udivdi3.o)
 .riscv.attributes
                0x000000000000d5fc       0x1c /opt/tools/riscv/lib/gcc/riscv32-unknown-elf/8.3.0/libgcc.a(_udivdi3.o)
 .data          0x000000000000d618        0x0 /opt/tools/riscv/lib/gcc/riscv32-unknown-elf/8.3.0/libgcc.a(_umoddi3.o)
 .bss           0x000000000000d618        0x0 /opt/tools/riscv/lib/gcc/riscv32-unknown-elf/8.3.0/libgcc.a(_umoddi3.o)
 .comment       0x000000000000d618       0x12 /opt/tools/riscv/lib/gcc/riscv32-unknown-elf/8.3.0/libgcc.a(_umoddi3.o)
 .eh_frame      0x000000000000d618       0x64 /opt/tools/riscv/lib/gcc/riscv32-unknown-elf/8.3.0/libgcc.a(_umoddi3.o)
 .riscv.attributes
                0x000000000000d67c       0x1c /opt/tools/riscv/lib/gcc/riscv32-unknown-elf/8.3.0/libgcc.a(_umoddi3.o)
 .data          0x000000000000d698        0x0 /opt/tools/riscv/lib/gcc/riscv32-unknown-elf/8.3.0/libgcc.a(muldi3.o)
 .bss           0x000000000000d698        0x0 /opt/tools/riscv/lib/gcc/riscv32-unknown-elf/8.3.0/libgcc.a(muldi3.o)
 .riscv.attributes
                0x000000000000d698       0x1a /opt/tools/riscv/lib/gcc/riscv32-unknown-elf/8.3.0/libgcc.a(muldi3.o)
 .data          0x000000000000d6b2        0x0 /opt/tools/riscv/lib/gcc/riscv32-unknown-elf/8.3.0/libgcc.a(multi3.o)
 .bss           0x000000000000d6b2        0x0 /opt/tools/riscv/lib/gcc/riscv32-unknown-elf/8.3.0/libgcc.a(multi3.o)
 .comment       0x000000000000d6b2       0x12 /opt/tools/riscv/lib/gcc/riscv32-unknown-elf/8.3.0/libgcc.a(multi3.o)
 .riscv.attributes
                0x000000000000d6b2       0x1c /opt/tools/riscv/lib/gcc/riscv32-unknown-elf/8.3.0/libgcc.a(multi3.o)
 .data          0x000000000000d6ce        0x0 /opt/tools/riscv/lib/gcc/riscv32-unknown-elf/8.3.0/libgcc.a(div.o)
 .bss           0x000000000000d6ce        0x0 /opt/tools/riscv/lib/gcc/riscv32-unknown-elf/8.3.0/libgcc.a(div.o)
 .riscv.attributes
                0x000000000000d6ce       0x1a /opt/tools/riscv/lib/gcc/riscv32-unknown-elf/8.3.0/libgcc.a(div.o)
 .data          0x000000000000d6e8        0x0 /opt/tools/riscv/lib/gcc/riscv32-unknown-elf/8.3.0/libgcc.a(_clz.o)
 .bss           0x000000000000d6e8        0x0 /opt/tools/riscv/lib/gcc/riscv32-unknown-elf/8.3.0/libgcc.a(_clz.o)
 .rodata        0x000000000000d6e8      0x100 /opt/tools/riscv/lib/gcc/riscv32-unknown-elf/8.3.0/libgcc.a(_clz.o)
                0x000000000000d6e8                __clz_tab
 .comment       0x000000000000d7e8       0x12 /opt/tools/riscv/lib/gcc/riscv32-unknown-elf/8.3.0/libgcc.a(_clz.o)
 .riscv.attributes
                0x000000000000d7e8       0x1c /opt/tools/riscv/lib/gcc/riscv32-unknown-elf/8.3.0/libgcc.a(_clz.o)
                0x000000000000d804                end = .
                0x000000000000d804                . = ALIGN (0x4)
LOAD firmware/start.o
LOAD firmware/irq.o
LOAD firmware/print.o
LOAD firmware/hello.o
LOAD firmware/sieve.o
LOAD firmware/multest.o
LOAD firmware/stats.o
LOAD tests/xor.o
LOAD tests/or.o
LOAD tests/sh.o
LOAD tests/sub.o
LOAD tests/lb.o
LOAD tests/sra.o
LOAD tests/blt.o
LOAD tests/srai.o
LOAD tests/beq.o
LOAD tests/addi.o
LOAD tests/mul.o
LOAD tests/divu.o
LOAD tests/lw.o
LOAD tests/div.o
LOAD tests/auipc.o
LOAD tests/bgeu.o
LOAD tests/jalr.o
LOAD tests/sw.o
LOAD tests/xori.o
LOAD tests/sll.o
LOAD tests/mulhu.o
LOAD tests/slti.o
LOAD tests/slt.o
LOAD tests/lbu.o
LOAD tests/lhu.o
LOAD tests/lui.o
LOAD tests/bltu.o
LOAD tests/remu.o
LOAD tests/simple.o
LOAD tests/slli.o
LOAD tests/andi.o
LOAD tests/ori.o
LOAD tests/lh.o
LOAD tests/srl.o
LOAD tests/jal.o
LOAD tests/add.o
LOAD tests/and.o
LOAD tests/srli.o
LOAD tests/j.o
LOAD tests/bne.o
LOAD tests/sb.o
LOAD tests/bge.o
LOAD tests/rem.o
LOAD tests/mulh.o
LOAD tests/mulhsu.o
LOAD /opt/tools/riscv/lib/gcc/riscv32-unknown-elf/8.3.0/libgcc.a
OUTPUT(firmware/firmware.elf elf32-littleriscv)
